{
  "$schema": "https://raw.githubusercontent.com/open-feature/cli/main/schema/v0/flag-manifest.json",
  "flags": {}
}